 
 gcc -g p1final.c
 gdb a.out
GNU gdb (Ubuntu 8.1.1-0ubuntu1) 8.1.1
Copyright (C) 2018 Free Software Foundation, Inc.
License GPLv3+: GNU GPL version 3 or later <http://gnu.org/licenses/gpl.html>
This is free software: you are free to change and redistribute it.
There is NO WARRANTY, to the extent permitted by law.  Type "show copying"
and "show warranty" for details.
This GDB was configured as "x86_64-linux-gnu".
Type "show configuration" for configuration details.
For bug reporting instructions, please see:
<http://www.gnu.org/software/gdb/bugs/>.
Find the GDB manual and other documentation resources online at:
<http://www.gnu.org/software/gdb/documentation/>.
For help, type "help".
Type "apropos word" to search for commands related to "word"...
Reading symbols from a.out...done.
(gdb) b main
Breakpoint 1 at 0x822: file p1final.c, line 17.
(gdb) r
Starting program: /home/runner/IA2-Test1-Session2/a.out 
warning: Error disabling address space randomization: Operation not permitted

Breakpoint 1, main () at p1final.c:17
17  {
(gdb) n
19    input(&base,&height);
(gdb) s
input (base=0x7ffe6971368c, height=0x7ffe69713690) at p1final.c:4
4     printf("enter the base and height of the triangle:\n");
(gdb) n
enter the base and height of the triangle:
5     scanf("%f%f",base,height);
(gdb) n
2,3
6   }
(gdb) n
main () at p1final.c:20
20    find_area(base,height,&area);
(gdb) s
find_area (base=2, height=1.82258259e+25, area=0x7ffe69713694) at p1final.c:9
9   *area=0.5*base*height;
(gdb) n
10  }
 
 gcc -g p1final.c
 gdb a.out
GNU gdb (Ubuntu 8.1.1-0ubuntu1) 8.1.1
Copyright (C) 2018 Free Software Foundation, Inc.
License GPLv3+: GNU GPL version 3 or later <http://gnu.org/licenses/gpl.html>
This is free software: you are free to change and redistribute it.
There is NO WARRANTY, to the extent permitted by law.  Type "show copying"
and "show warranty" for details.
This GDB was configured as "x86_64-linux-gnu".
Type "show configuration" for configuration details.
For bug reporting instructions, please see:
<http://www.gnu.org/software/gdb/bugs/>.
Find the GDB manual and other documentation resources online at:
<http://www.gnu.org/software/gdb/documentation/>.
For help, type "help".
Type "apropos word" to search for commands related to "word"...
Reading symbols from a.out...done.
(gdb) b main
Breakpoint 1 at 0x822: file p1final.c, line 17.
(gdb) r
Starting program: /home/runner/IA2-Test1-Session2/a.out 
warning: Error disabling address space randomization: Operation not permitted

Breakpoint 1, main () at p1final.c:17
17  {
(gdb) n
19    input(&base,&height);
(gdb) s
input (base=0x7ffc70f1bc8c, height=0x7ffc70f1bc90) at p1final.c:4
4     printf("enter the base and height of the triangle:\n");
(gdb) n
enter the base and height of the triangle:
5     scanf("%f%f",base,height);
(gdb) n
2
3
6   }
(gdb) n
main () at p1final.c:20
20    find_area(base,height,&area);
(gdb) s
find_area (base=2, height=3, area=0x7ffc70f1bc94) at p1final.c:9
9   *area=0.5*base*height;
(gdb) n
10  }
(gdb) n
main () at p1final.c:21
21    output(base,height,area);
(gdb) s
output (base=2, height=3, area=3) at p1final.c:13
13    printf("area of triangle with base %f and height %f is %f\n",base,height,area);
(gdb) n
area of triangle with base 2.000000 and height 3.000000 is 3.000000
15  }
(gdb) n
main () at p1final.c:22
22    return 0;
(gdb) n
24  }(gdb) c