GNU bash, version 4.4.20(1)-release (x86_64-pc-linux-gnu)
gcc -g p2final.c
îº§ gdb a.out
GNU gdb (Ubuntu 8.1.1-0ubuntu1) 8.1.1
Copyright (C) 2018 Free Software Foundation, Inc.
License GPLv3+: GNU GPL version 3 or later <http://gnu.org/licenses/gpl.html>
This is free software: you are free to change and redistribute it.
There is NO WARRANTY, to the extent permitted by law.  Type "show copying"
and "show warranty" for details.
This GDB was configured as "x86_64-linux-gnu".
Type "show configuration" for configuration details.
For bug reporting instructions, please see:
<http://www.gnu.org/software/gdb/bugs/>.
Find the GDB manual and other documentation resources online at:
<http://www.gnu.org/software/gdb/documentation/>.
For help, type "help".
Type "apropos word" to search for commands related to "word"...
Reading symbols from a.out...done.
(gdb) b main
Breakpoint 1 at 0x850: file p2final.c, line 31.
(gdb) r
Starting program: /home/runner/IA2-Test1-Session2/a.out 
warning: Error disabling address space randomization: Operation not permitted

Breakpoint 1, main () at p2final.c:31
31    int AB =input_side();
(gdb) s
input_side () at p2final.c:3
3   {
(gdb) n
5     printf("enter a side of triangle:\n");
(gdb) n
enter a side of triangle:
6     scanf("%d",&side);
(gdb) n
4
7     return side;
(gdb) n
9   }
(gdb) n
main () at p2final.c:32
32    int BC=input_side();
(gdb) s
input_side () at p2final.c:3
3   {
(gdb) n
5     printf("enter a side of triangle:\n");
(gdb) n
enter a side of triangle:
6     scanf("%d",&side);
(gdb) n
5
7     return side;
(gdb) n
9   }
(gdb) n
main () at p2final.c:33
33    int CA=input_side();
(gdb) s
input_side () at p2final.c:3
3   {
(gdb) n
5     printf("enter a side of triangle:\n");
(gdb) n
enter a side of triangle:
6     scanf("%d",&side);
(gdb) n
3
7     return side;
(gdb) n
9   }
(gdb) n
main () at p2final.c:34
34    int res=check_scalene(AB,BC,CA);
(gdb) s
check_scalene (a=4, b=5, c=3) at p2final.c:12
12    if(a!=b && a!=c&& b!=c)
(gdb) s
14      return 1;
(gdb) n
17  }
(gdb) n
main () at p2final.c:35
35    output(AB,BC,CA,res);
(gdb) s
output (a=4, b=5, c=3, isScalene=1) at p2final.c:20
20    if(isScalene)
(gdb) s
22    printf("the triangle with sides %d,%d and %d is scalene\n",a,b,c);
(gdb) n
the triangle with sides 4,5 and 3 is scalene
28  }
(gdb) n
main () at p2final.c:36
36  return 0;
(gdb)